Task 2091480185550635009: RUNNING
Task 2091480185550635009: SUCCESS
Downloading node 122 -> runninghub_h3_audio_2091480185550635009.mp4
{
  "taskId": "2091480185550635009",
  "status": "SUCCESS",
  "errorCode": "",
  "errorMessage": "",
  "results": [
    {
      "url": "https://rh-images-1252422369.cos.ap-beijing.myqcloud.com/57bb5f946e4ed5b2d068ef37c4dadc0a/output/MiniMaxH3/stable_4v4a_00002_p84-audio_eobtn_1787483139.mp4",
      "nodeId": "122",
      "outputType": "mp4",
      "text": null
    }
  ],
  "clientId": "",
  "promptTips": "",
  "failedReason": {},
  "usage": {
    "consumeMoney": null,
    "consumeCoins": "88",
    "taskCostTime": "437",
    "thirdPartyConsumeMoney": null
  },
  "parentTaskId": null,
  "taskUsageList": [
    {
      "taskId": "2091480185550635009",
      "parentTaskId": null,
      "taskStatus": "SUCCESS",
      "usage": {
        "consumeMoney": null,
        "consumeCoins": "88",
        "taskCostTime": "437",
        "thirdPartyConsumeMoney": null
      }
    }
  ],
  "saved": [
    "/Users/m4/project/rewords/music-mv-experiments/小鑫_多频道求救_MV/videos/runninghub_batch05_v0.6/S07/runninghub_h3_audio_2091480185550635009.mp4"
  ]
}
